// Jest Snapshot v1, https://goo.gl/fbAQLP

exports[`TaxonResult should render correctly 1`] = `
<View
  style={
    [
      [
        {
          "flexDirection": "row",
        },
        {
          "alignItems": "center",
        },
        {
          "justifyContent": "space-between",
        },
        {
          "paddingLeft": 16,
          "paddingRight": 16,
        },
        {
          "borderBottomWidth": 1,
        },
        {
          "borderBottomColor": "#E8E8E8",
          "borderLeftColor": "#E8E8E8",
          "borderRightColor": "#E8E8E8",
          "borderTopColor": "#E8E8E8",
        },
      ],
    ]
  }
>
  <View
    accessibilityHint="Navigates to taxon details"
    accessibilityLabel="Birds (Aves)"
    accessibilityRole="link"
    accessibilityState={
      {
        "busy": undefined,
        "checked": undefined,
        "disabled": undefined,
        "expanded": undefined,
        "selected": undefined,
      }
    }
    accessibilityValue={
      {
        "max": undefined,
        "min": undefined,
        "now": undefined,
        "text": undefined,
      }
    }
    accessible={true}
    collapsable={false}
    focusable={true}
    onBlur={[Function]}
    onClick={[Function]}
    onFocus={[Function]}
    onResponderGrant={[Function]}
    onResponderMove={[Function]}
    onResponderRelease={[Function]}
    onResponderTerminate={[Function]}
    onResponderTerminationRequest={[Function]}
    onStartShouldSetResponder={[Function]}
    style={
      [
        [
          {
            "flexDirection": "row",
          },
          {
            "alignItems": "center",
          },
          {
            "flexShrink": 1,
          },
          {
            "paddingBottom": 12,
            "paddingTop": 12,
          },
        ],
      ]
    }
  >
    <View
      style={
        [
          [
            {
              "width": 62,
            },
            {
              "height": 62,
            },
            {
              "justifyContent": "center",
            },
            {
              "position": "relative",
            },
          ],
        ]
      }
    >
      <View
        style={
          [
            [
              {
                "maxHeight": 210,
              },
              {
                "overflow": "hidden",
              },
              {
                "position": "relative",
              },
              {
                "borderBottomLeftRadius": 8,
                "borderBottomRightRadius": 8,
                "borderTopLeftRadius": 8,
                "borderTopRightRadius": 8,
              },
              {
                "height": 62,
              },
              {
                "width": 62,
              },
              {
                "justifyContent": "center",
              },
              {
                "alignItems": "center",
              },
              {
                "borderBottomWidth": 2,
                "borderLeftWidth": 2,
                "borderRightWidth": 2,
                "borderTopWidth": 2,
              },
              [
                {
                  "borderBottomLeftRadius": 12,
                  "borderBottomRightRadius": 12,
                  "borderTopLeftRadius": 12,
                  "borderTopRightRadius": 12,
                },
              ],
            ],
          ]
        }
        testID="undefined.photo"
      >
        <View
          style={
            [
              [
                {
                  "flexGrow": 1,
                },
                {
                  "aspectRatio": 1,
                },
                {
                  "position": "relative",
                },
              ],
            ]
          }
        >
          <View
            style={
              [
                [
                  {
                    "position": "absolute",
                  },
                  {
                    "width": "100%",
                  },
                  {
                    "height": "100%",
                  },
                ],
              ]
            }
          >
            <View
              style={
                [
                  [
                    {
                      "flexShrink": 1,
                    },
                    {
                      "justifyContent": "center",
                    },
                    {
                      "alignItems": "center",
                    },
                    {
                      "borderBottomLeftRadius": 12,
                      "borderBottomRightRadius": 12,
                      "borderTopLeftRadius": 12,
                      "borderTopRightRadius": 12,
                    },
                    {
                      "borderBottomWidth": 2,
                      "borderLeftWidth": 2,
                      "borderRightWidth": 2,
                      "borderTopWidth": 2,
                    },
                    {
                      "borderBottomColor": "#E8E8E8",
                      "borderLeftColor": "#E8E8E8",
                      "borderRightColor": "#E8E8E8",
                      "borderTopColor": "#E8E8E8",
                    },
                    {
                      "flexGrow": 1,
                    },
                    {
                      "aspectRatio": 1,
                    },
                    {
                      "borderBottomWidth": 0,
                      "borderLeftWidth": 0,
                      "borderRightWidth": 0,
                      "borderTopWidth": 0,
                    },
                  ],
                ]
              }
              testID="IconicTaxonName.iconicTaxonIcon"
            >
              <Text
                allowFontScaling={false}
                selectable={false}
                style={
                  [
                    {
                      "color": "#454545",
                      "fontSize": 22,
                    },
                    null,
                    {
                      "fontFamily": "INatIcon",
                      "fontStyle": "normal",
                      "fontWeight": "normal",
                    },
                    {},
                  ]
                }
              >
                ï„¶
              </Text>
            </View>
          </View>
        </View>
      </View>
    </View>
    <View
      style={
        [
          [
            {
              "flexShrink": 1,
            },
            {
              "marginLeft": 12,
            },
            {
              "flexBasis": "0%",
              "flexGrow": 1,
              "flexShrink": 1,
            },
          ],
        ]
      }
    >
      <View
        style={
          [
            [
              {
                "display": "flex",
              },
            ],
          ]
        }
        testID="display-taxon-name.1"
      >
        <Text
          ellipsizeMode="tail"
          maxFontSizeMultiplier={1.5}
          numberOfLines={3}
          style={
            [
              {
                "color": "#454545",
              },
              {
                "fontFamily": "Lato-Regular",
              },
              [
                {
                  "textAlign": "left",
                },
                [
                  {
                    "fontSize": 17,
                    "lineHeight": 20.4,
                  },
                  {
                    "fontFamily": "Lato-Medium",
                  },
                  [
                    {
                      "color": "#454545",
                    },
                  ],
                ],
              ],
            ]
          }
        >
          Birds
        </Text>
        <Text
          maxFontSizeMultiplier={2}
          style={
            [
              {
                "color": "#454545",
              },
              {
                "fontFamily": "Lato-Regular",
              },
              [
                {
                  "textAlign": "left",
                },
                [
                  {
                    "fontSize": 13,
                    "lineHeight": 18,
                  },
                  {
                    "fontFamily": "Lato-Medium",
                  },
                  [
                    {
                      "color": "#454545",
                    },
                    {
                      "marginTop": 3,
                    },
                  ],
                ],
              ],
            ]
          }
        >
          Family
           
          <Text
            maxFontSizeMultiplier={1.5}
            style={
              [
                {
                  "color": "#454545",
                },
                {
                  "fontFamily": "Lato-Regular",
                },
                [
                  {
                    "textAlign": "left",
                  },
                  [
                    {
                      "fontSize": 13,
                      "lineHeight": 18,
                    },
                    {
                      "fontFamily": "Lato-Medium",
                    },
                    [
                      {
                        "fontWeight": "400",
                      },
                      {
                        "color": "#454545",
                      },
                      {
                        "fontWeight": "300",
                      },
                    ],
                  ],
                ],
              ]
            }
          >
            Aves
          </Text>
        </Text>
      </View>
    </View>
  </View>
  <View
    style={
      [
        [
          {
            "flexDirection": "row",
          },
          {
            "alignItems": "center",
          },
        ],
      ]
    }
  >
    <View
      accessibilityHint="Navigates to taxon details"
      accessibilityLabel="More info"
      accessibilityRole="button"
      accessibilityState={
        {
          "busy": undefined,
          "checked": undefined,
          "disabled": false,
          "expanded": undefined,
          "selected": undefined,
        }
      }
      accessibilityValue={
        {
          "max": undefined,
          "min": undefined,
          "now": undefined,
          "text": undefined,
        }
      }
      accessible={true}
      collapsable={false}
      focusable={true}
      onBlur={[Function]}
      onClick={[Function]}
      onFocus={[Function]}
      onResponderGrant={[Function]}
      onResponderMove={[Function]}
      onResponderRelease={[Function]}
      onResponderTerminate={[Function]}
      onResponderTerminationRequest={[Function]}
      onStartShouldSetResponder={[Function]}
      style={
        [
          {
            "height": 44,
            "width": 44,
          },
          {
            "alignItems": "center",
            "justifyContent": "center",
          },
          false,
          undefined,
          {
            "opacity": 1,
          },
        ]
      }
    >
      <View
        style={
          [
            [
              {
                "position": "relative",
              },
              {
                "left": 0.2,
              },
              {
                "top": 0.1,
              },
            ],
          ]
        }
      >
        <Text
          allowFontScaling={false}
          selectable={false}
          style={
            [
              {
                "color": "#454545",
                "fontSize": 22,
              },
              null,
              {
                "fontFamily": "INatIcon",
                "fontStyle": "normal",
                "fontWeight": "normal",
              },
              {},
            ]
          }
        >
          ï„²
        </Text>
      </View>
    </View>
    <View
      accessibilityLabel="this is the taxon"
      accessibilityRole="button"
      accessibilityState={
        {
          "busy": undefined,
          "checked": undefined,
          "disabled": false,
          "expanded": undefined,
          "selected": undefined,
        }
      }
      accessibilityValue={
        {
          "max": undefined,
          "min": undefined,
          "now": undefined,
          "text": undefined,
        }
      }
      accessible={true}
      collapsable={false}
      focusable={true}
      onBlur={[Function]}
      onClick={[Function]}
      onFocus={[Function]}
      onResponderGrant={[Function]}
      onResponderMove={[Function]}
      onResponderRelease={[Function]}
      onResponderTerminate={[Function]}
      onResponderTerminationRequest={[Function]}
      onStartShouldSetResponder={[Function]}
      style={
        [
          {
            "height": 44,
            "width": 44,
          },
          {
            "alignItems": "center",
            "justifyContent": "center",
          },
          false,
          [
            {
              "marginLeft": 8,
            },
          ],
          {
            "opacity": 1,
          },
        ]
      }
      testID="undefined.checkmark"
    >
      <View
        style={
          [
            [
              {
                "position": "relative",
              },
              {
                "left": 0.2,
              },
              {
                "top": 0.1,
              },
            ],
          ]
        }
      >
        <Text
          allowFontScaling={false}
          selectable={false}
          style={
            [
              {
                "color": "#454545",
                "fontSize": 40,
              },
              null,
              {
                "fontFamily": "INatIcon",
                "fontStyle": "normal",
                "fontWeight": "normal",
              },
              {},
            ]
          }
        >
          ï…¤
        </Text>
      </View>
    </View>
  </View>
</View>
`;
