// Jest Snapshot v1, https://goo.gl/fbAQLP

exports[`INatIconButton renders correctly 1`] = `
<View
  accessibilityLabel="Camera"
  accessibilityRole="button"
  accessibilityState={
    {
      "busy": undefined,
      "checked": undefined,
      "disabled": false,
      "expanded": undefined,
      "selected": undefined,
    }
  }
  accessibilityValue={
    {
      "max": undefined,
      "min": undefined,
      "now": undefined,
      "text": undefined,
    }
  }
  accessible={true}
  collapsable={false}
  focusable={true}
  onBlur={[Function]}
  onClick={[Function]}
  onFocus={[Function]}
  onResponderGrant={[Function]}
  onResponderMove={[Function]}
  onResponderRelease={[Function]}
  onResponderTerminate={[Function]}
  onResponderTerminationRequest={[Function]}
  onStartShouldSetResponder={[Function]}
  style={
    [
      {
        "height": 44,
        "width": 44,
      },
      {
        "alignItems": "center",
        "justifyContent": "center",
      },
      false,
      undefined,
      {
        "opacity": 1,
      },
    ]
  }
>
  <View
    style={
      [
        [
          {
            "position": "relative",
          },
          {
            "left": 0.2,
          },
          {
            "top": 0.1,
          },
        ],
      ]
    }
  >
    <Text
      allowFontScaling={false}
      selectable={false}
      style={
        [
          {
            "color": "#454545",
            "fontSize": 18,
          },
          null,
          {
            "fontFamily": "INatIcon",
            "fontStyle": "normal",
            "fontWeight": "normal",
          },
          {},
        ]
      }
    >
      ï…§
    </Text>
  </View>
</View>
`;
