// Jest Snapshot v1, https://goo.gl/fbAQLP

exports[`AddObsButton renders correctly 1`] = `
<View
  collapsable={false}
  pointerEvents="box-none"
  style={
    {
      "flex": 1,
    }
  }
>
  <View
    className="flex-1"
    style={
      {
        "flex": 1,
      }
    }
  >
    <View
      accessibilityHint="Opens AI camera."
      accessibilityLabel="Add observations"
      accessibilityRole="button"
      accessibilityState={
        {
          "busy": undefined,
          "checked": undefined,
          "disabled": false,
          "expanded": undefined,
          "selected": undefined,
        }
      }
      accessibilityValue={
        {
          "max": undefined,
          "min": undefined,
          "now": undefined,
          "text": undefined,
        }
      }
      accessible={true}
      collapsable={false}
      focusable={true}
      onBlur={[Function]}
      onClick={[Function]}
      onFocus={[Function]}
      onResponderGrant={[Function]}
      onResponderMove={[Function]}
      onResponderRelease={[Function]}
      onResponderTerminate={[Function]}
      onResponderTerminationRequest={[Function]}
      onStartShouldSetResponder={[Function]}
      style={
        [
          [
            {
              "width": 69,
            },
            {
              "height": 69,
            },
            {
              "marginBottom": 5,
            },
            {
              "borderBottomLeftRadius": 9999,
              "borderBottomRightRadius": 9999,
              "borderTopLeftRadius": 9999,
              "borderTopRightRadius": 9999,
            },
            {
              "overflow": "hidden",
            },
            {
              "elevation": 5,
              "shadowColor": "rgba( 0, 0, 0, 0.25 )",
              "shadowOffset": {
                "height": 2,
                "width": 0,
              },
              "shadowOpacity": 0.25,
              "shadowRadius": 2,
            },
          ],
        ]
      }
      testID="add-obs-button"
    >
      <BVLinearGradient
        angle={156.95}
        colors={
          [
            4285836288,
            4280909703,
          ]
        }
        endPoint={
          {
            "x": 0.5,
            "y": 1,
          }
        }
        locations={null}
        startPoint={
          {
            "x": 0.5,
            "y": 0,
          }
        }
        useAngle={true}
      >
        <View
          style={
            [
              [
                {
                  "flexGrow": 1,
                },
                {
                  "aspectRatio": 1,
                },
                {
                  "display": "flex",
                },
                {
                  "alignItems": "center",
                },
                {
                  "justifyContent": "center",
                },
              ],
            ]
          }
        >
          <Text
            allowFontScaling={false}
            selectable={false}
            style={
              [
                {
                  "color": "#ffffff",
                  "fontSize": 47,
                },
                null,
                {
                  "fontFamily": "INatIcon",
                  "fontStyle": "normal",
                  "fontWeight": "normal",
                },
                {},
              ]
            }
          >
            ï…¸
          </Text>
        </View>
      </BVLinearGradient>
    </View>
  </View>
</View>
`;
